Failed to fetch https://web.archive.org/web/20080509150213/http://www.w3.org/2002/01/tr-automation/tr.rdf: Mechanize::ResponseReadError
Failed to fetch https://web.archive.org/web/20140104032812/http://www.w3.org/2002/01/tr-automation/tr.rdf: Mechanize::ResponseReadError
Failed to fetch https://web.archive.org/web/20140803101927/http://www.w3.org/2002/01/tr-automation/tr.rdf: 500 => Net::HTTPInternalServerError for https://web.archive.org/web/20140803101927/http://www.w3.org/2002/01/tr-automation/tr.rdf -- unhandled response
Failed to fetch https://web.archive.org/web/20141221121045/http://www.w3.org/2002/01/tr-automation/tr.rdf: 502 => Net::HTTPBadGateway for https://web.archive.org/web/20141221121045/http://www.w3.org/2002/01/tr-automation/tr.rdf -- unhandled response
Failed to fetch https://web.archive.org/web/20150115064159/http://www.w3.org/2002/01/tr-automation/tr.rdf: 500 => Net::HTTPInternalServerError for https://web.archive.org/web/20150115064159/http://www.w3.org/2002/01/tr-automation/tr.rdf -- unhandled response
Failed to fetch https://web.archive.org/web/20211005185231/http://www.w3.org/2002/01/tr-automation/tr.rdf: 503 => Net::HTTPServiceUnavailable for https://web.archive.org/web/20211005185231/http://www.w3.org/2002/01/tr-automation/tr.rdf -- unhandled response
Failed to fetch https://web.archive.org/web/20211005230342/http://www.w3.org/2002/01/tr-automation/tr.rdf: 503 => Net::HTTPServiceUnavailable for https://web.archive.org/web/20211005230347/https://www.w3.org/2002/01/tr-automation/tr.rdf -- unhandled response
Failed to fetch https://web.archive.org/web/20211005230347/http://www.w3.org/2002/01/tr-automation/tr.rdf: 503 => Net::HTTPServiceUnavailable for https://web.archive.org/web/20211005230347/http://www.w3.org/2002/01/tr-automation/tr.rdf -- unhandled response
